interactions:
- request:
    body: null
    headers:
      Accept:
      - application/json
      Accept-Encoding:
      - gzip, deflate
      CommandName:
      - network vnet create
      Connection:
      - keep-alive
      ParameterSetName:
      - -g -n
      User-Agent:
      - AZURECLI/2.28.0 azsdk-python-azure-mgmt-resource/19.0.0 Python/3.8.3 (Windows-10-10.0.18362-SP0)
    method: GET
    uri: https://management.azure.com/subscriptions/00000000-0000-0000-0000-000000000000/resourcegroups/cli_test_azure_vwan_vhub_bgpconnection000001?api-version=2021-04-01
  response:
    body:
      string: '{"id":"/subscriptions/00000000-0000-0000-0000-000000000000/resourceGroups/cli_test_azure_vwan_vhub_bgpconnection000001","name":"cli_test_azure_vwan_vhub_bgpconnection000001","type":"Microsoft.Resources/resourceGroups","location":"westus","tags":{"product":"azurecli","cause":"automation","date":"2021-09-14T07:29:41Z"},"properties":{"provisioningState":"Succeeded"}}'
    headers:
      cache-control:
      - no-cache
      content-length:
      - '428'
      content-type:
      - application/json; charset=utf-8
      date:
      - Tue, 14 Sep 2021 07:29:48 GMT
      expires:
      - '-1'
      pragma:
      - no-cache
      strict-transport-security:
      - max-age=31536000; includeSubDomains
      vary:
      - Accept-Encoding
      x-content-type-options:
      - nosniff
    status:
      code: 200
      message: OK
- request:
    body: '{"location": "westus", "tags": {}, "properties": {"addressSpace": {"addressPrefixes":
      ["10.0.0.0/16"]}, "dhcpOptions": {}}}'
    headers:
      Accept:
      - application/json
      Accept-Encoding:
      - gzip, deflate
      CommandName:
      - network vnet create
      Connection:
      - keep-alive
      Content-Length:
      - '123'
      Content-Type:
      - application/json
      ParameterSetName:
      - -g -n
      User-Agent:
      - AZURECLI/2.28.0 azsdk-python-azure-mgmt-network/19.0.0 Python/3.8.3 (Windows-10-10.0.18362-SP0)
    method: PUT
    uri: https://management.azure.com/subscriptions/00000000-0000-0000-0000-000000000000/resourceGroups/cli_test_azure_vwan_vhub_bgpconnection000001/providers/Microsoft.Network/virtualNetworks/clitestvnet2?api-version=2021-02-01
  response:
    body:
      string: "{\r\n  \"name\": \"clitestvnet2\",\r\n  \"id\": \"/subscriptions/00000000-0000-0000-0000-000000000000/resourceGroups/cli_test_azure_vwan_vhub_bgpconnection000001/providers/Microsoft.Network/virtualNetworks/clitestvnet2\",\r\n
        \ \"etag\": \"W/\\\"3d6bfc70-3441-42fa-ab96-515cc1f40c24\\\"\",\r\n  \"type\":
        \"Microsoft.Network/virtualNetworks\",\r\n  \"location\": \"westus\",\r\n
        \ \"tags\": {},\r\n  \"properties\": {\r\n    \"provisioningState\": \"Updating\",\r\n
        \   \"resourceGuid\": \"160c6b27-7879-488c-8532-9356b5a3291e\",\r\n    \"addressSpace\":
        {\r\n      \"addressPrefixes\": [\r\n        \"10.0.0.0/16\"\r\n      ]\r\n
        \   },\r\n    \"dhcpOptions\": {\r\n      \"dnsServers\": []\r\n    },\r\n
        \   \"subnets\": [],\r\n    \"virtualNetworkPeerings\": [],\r\n    \"enableDdosProtection\":
        false\r\n  }\r\n}"
    headers:
      azure-asyncnotification:
      - Enabled
      azure-asyncoperation:
      - https://management.azure.com/subscriptions/00000000-0000-0000-0000-000000000000/providers/Microsoft.Network/locations/westus/operations/2d9aa291-5f30-46b1-a16f-8b1bd26d5f71?api-version=2021-02-01
      cache-control:
      - no-cache
      content-length:
      - '746'
      content-type:
      - application/json; charset=utf-8
      date:
      - Tue, 14 Sep 2021 07:29:57 GMT
      expires:
      - '-1'
      pragma:
      - no-cache
      server:
      - Microsoft-HTTPAPI/2.0
      - Microsoft-HTTPAPI/2.0
      strict-transport-security:
      - max-age=31536000; includeSubDomains
      x-content-type-options:
      - nosniff
      x-ms-arm-service-request-id:
      - 90559a7b-d5c2-457a-ba34-8cce6caaa2c9
      x-ms-ratelimit-remaining-subscription-writes:
      - '1198'
    status:
      code: 201
      message: Created
- request:
    body: null
    headers:
      Accept:
      - '*/*'
      Accept-Encoding:
      - gzip, deflate
      CommandName:
      - network vnet create
      Connection:
      - keep-alive
      ParameterSetName:
      - -g -n
      User-Agent:
      - AZURECLI/2.28.0 azsdk-python-azure-mgmt-network/19.0.0 Python/3.8.3 (Windows-10-10.0.18362-SP0)
    method: GET
    uri: https://management.azure.com/subscriptions/00000000-0000-0000-0000-000000000000/providers/Microsoft.Network/locations/westus/operations/2d9aa291-5f30-46b1-a16f-8b1bd26d5f71?api-version=2021-02-01
  response:
    body:
      string: "{\r\n  \"status\": \"Succeeded\"\r\n}"
    headers:
      cache-control:
      - no-cache
      content-length:
      - '29'
      content-type:
      - application/json; charset=utf-8
      date:
      - Tue, 14 Sep 2021 07:30:00 GMT
      expires:
      - '-1'
      pragma:
      - no-cache
      server:
      - Microsoft-HTTPAPI/2.0
      - Microsoft-HTTPAPI/2.0
      strict-transport-security:
      - max-age=31536000; includeSubDomains
      transfer-encoding:
      - chunked
      vary:
      - Accept-Encoding
      x-content-type-options:
      - nosniff
      x-ms-arm-service-request-id:
      - 50b7b400-27c0-4ba9-a864-8bcef149e4c4
    status:
      code: 200
      message: OK
- request:
    body: null
    headers:
      Accept:
      - '*/*'
      Accept-Encoding:
      - gzip, deflate
      CommandName:
      - network vnet create
      Connection:
      - keep-alive
      ParameterSetName:
      - -g -n
      User-Agent:
      - AZURECLI/2.28.0 azsdk-python-azure-mgmt-network/19.0.0 Python/3.8.3 (Windows-10-10.0.18362-SP0)
    method: GET
    uri: https://management.azure.com/subscriptions/00000000-0000-0000-0000-000000000000/resourceGroups/cli_test_azure_vwan_vhub_bgpconnection000001/providers/Microsoft.Network/virtualNetworks/clitestvnet2?api-version=2021-02-01
  response:
    body:
      string: "{\r\n  \"name\": \"clitestvnet2\",\r\n  \"id\": \"/subscriptions/00000000-0000-0000-0000-000000000000/resourceGroups/cli_test_azure_vwan_vhub_bgpconnection000001/providers/Microsoft.Network/virtualNetworks/clitestvnet2\",\r\n
        \ \"etag\": \"W/\\\"17d16d3e-7d66-4e04-9444-6de498e05404\\\"\",\r\n  \"type\":
        \"Microsoft.Network/virtualNetworks\",\r\n  \"location\": \"westus\",\r\n
        \ \"tags\": {},\r\n  \"properties\": {\r\n    \"provisioningState\": \"Succeeded\",\r\n
        \   \"resourceGuid\": \"160c6b27-7879-488c-8532-9356b5a3291e\",\r\n    \"addressSpace\":
        {\r\n      \"addressPrefixes\": [\r\n        \"10.0.0.0/16\"\r\n      ]\r\n
        \   },\r\n    \"dhcpOptions\": {\r\n      \"dnsServers\": []\r\n    },\r\n
        \   \"subnets\": [],\r\n    \"virtualNetworkPeerings\": [],\r\n    \"enableDdosProtection\":
        false\r\n  }\r\n}"
    headers:
      cache-control:
      - no-cache
      content-length:
      - '747'
      content-type:
      - application/json; charset=utf-8
      date:
      - Tue, 14 Sep 2021 07:30:00 GMT
      etag:
      - W/"17d16d3e-7d66-4e04-9444-6de498e05404"
      expires:
      - '-1'
      pragma:
      - no-cache
      server:
      - Microsoft-HTTPAPI/2.0
      - Microsoft-HTTPAPI/2.0
      strict-transport-security:
      - max-age=31536000; includeSubDomains
      transfer-encoding:
      - chunked
      vary:
      - Accept-Encoding
      x-content-type-options:
      - nosniff
      x-ms-arm-service-request-id:
      - 5cdf4a06-d2ce-40e9-a35e-4be6a08dbae3
    status:
      code: 200
      message: OK
- request:
    body: null
    headers:
      Accept:
      - application/json
      Accept-Encoding:
      - gzip, deflate
      CommandName:
      - network vwan create
      Connection:
      - keep-alive
      ParameterSetName:
      - -n -g --type
      User-Agent:
      - AZURECLI/2.28.0 azsdk-python-azure-mgmt-resource/19.0.0 Python/3.8.3 (Windows-10-10.0.18362-SP0)
    method: GET
    uri: https://management.azure.com/subscriptions/00000000-0000-0000-0000-000000000000/resourcegroups/cli_test_azure_vwan_vhub_bgpconnection000001?api-version=2021-04-01
  response:
    body:
      string: '{"id":"/subscriptions/00000000-0000-0000-0000-000000000000/resourceGroups/cli_test_azure_vwan_vhub_bgpconnection000001","name":"cli_test_azure_vwan_vhub_bgpconnection000001","type":"Microsoft.Resources/resourceGroups","location":"westus","tags":{"product":"azurecli","cause":"automation","date":"2021-09-14T07:29:41Z"},"properties":{"provisioningState":"Succeeded"}}'
    headers:
      cache-control:
      - no-cache
      content-length:
      - '428'
      content-type:
      - application/json; charset=utf-8
      date:
      - Tue, 14 Sep 2021 07:30:01 GMT
      expires:
      - '-1'
      pragma:
      - no-cache
      strict-transport-security:
      - max-age=31536000; includeSubDomains
      vary:
      - Accept-Encoding
      x-content-type-options:
      - nosniff
    status:
      code: 200
      message: OK
- request:
    body: '{"location": "westus"}'
    headers:
      Accept:
      - application/json
      Accept-Encoding:
      - gzip, deflate
      CommandName:
      - network vwan create
      Connection:
      - keep-alive
      Content-Length:
      - '22'
      Content-Type:
      - application/json
      ParameterSetName:
      - -n -g --type
      User-Agent:
      - AZURECLI/2.28.0 azsdk-python-azure-mgmt-network/18.0.0 Python/3.8.3 (Windows-10-10.0.18362-SP0)
    method: PUT
    uri: https://management.azure.com/subscriptions/00000000-0000-0000-0000-000000000000/resourceGroups/cli_test_azure_vwan_vhub_bgpconnection000001/providers/Microsoft.Network/virtualWans/testvwan?api-version=2020-05-01
  response:
    body:
      string: "{\r\n  \"name\": \"testvwan\",\r\n  \"id\": \"/subscriptions/00000000-0000-0000-0000-000000000000/resourceGroups/cli_test_azure_vwan_vhub_bgpconnection000001/providers/Microsoft.Network/virtualWans/testvwan\",\r\n
        \ \"etag\": \"W/\\\"855a2235-4152-4f54-a48f-a5977af6b65f\\\"\",\r\n  \"type\":
        \"Microsoft.Network/virtualWans\",\r\n  \"location\": \"westus\",\r\n  \"properties\":
        {\r\n    \"provisioningState\": \"Updating\",\r\n    \"disableVpnEncryption\":
        false,\r\n    \"allowBranchToBranchTraffic\": true,\r\n    \"office365LocalBreakoutCategory\":
        \"None\",\r\n    \"type\": \"Standard\"\r\n  }\r\n}"
    headers:
      azure-asyncnotification:
      - Enabled
      azure-asyncoperation:
      - https://management.azure.com/subscriptions/00000000-0000-0000-0000-000000000000/providers/Microsoft.Network/locations/westus/operations/cacf5b1c-511a-4575-87ae-cb3761e9e0b5?api-version=2020-05-01
      cache-control:
      - no-cache
      content-length:
      - '567'
      content-type:
      - application/json; charset=utf-8
      date:
      - Tue, 14 Sep 2021 07:30:09 GMT
      expires:
      - '-1'
      pragma:
      - no-cache
      server:
      - Microsoft-HTTPAPI/2.0
      - Microsoft-HTTPAPI/2.0
      strict-transport-security:
      - max-age=31536000; includeSubDomains
      x-content-type-options:
      - nosniff
      x-ms-arm-service-request-id:
      - 7acb4cde-326e-4a28-b9a0-8fc90d5f4993
      x-ms-ratelimit-remaining-subscription-writes:
      - '1199'
    status:
      code: 201
      message: Created
- request:
    body: null
    headers:
      Accept:
      - '*/*'
      Accept-Encoding:
      - gzip, deflate
      CommandName:
      - network vwan create
      Connection:
      - keep-alive
      ParameterSetName:
      - -n -g --type
      User-Agent:
      - AZURECLI/2.28.0 azsdk-python-azure-mgmt-network/18.0.0 Python/3.8.3 (Windows-10-10.0.18362-SP0)
    method: GET
    uri: https://management.azure.com/subscriptions/00000000-0000-0000-0000-000000000000/providers/Microsoft.Network/locations/westus/operations/cacf5b1c-511a-4575-87ae-cb3761e9e0b5?api-version=2020-05-01
  response:
    body:
      string: "{\r\n  \"status\": \"Succeeded\"\r\n}"
    headers:
      cache-control:
      - no-cache
      content-length:
      - '29'
      content-type:
      - application/json; charset=utf-8
      date:
      - Tue, 14 Sep 2021 07:30:19 GMT
      expires:
      - '-1'
      pragma:
      - no-cache
      server:
      - Microsoft-HTTPAPI/2.0
      - Microsoft-HTTPAPI/2.0
      strict-transport-security:
      - max-age=31536000; includeSubDomains
      transfer-encoding:
      - chunked
      vary:
      - Accept-Encoding
      x-content-type-options:
      - nosniff
      x-ms-arm-service-request-id:
      - 9c7ff940-9bd4-4850-806d-87034201e5c0
    status:
      code: 200
      message: OK
- request:
    body: null
    headers:
      Accept:
      - '*/*'
      Accept-Encoding:
      - gzip, deflate
      CommandName:
      - network vwan create
      Connection:
      - keep-alive
      ParameterSetName:
      - -n -g --type
      User-Agent:
      - AZURECLI/2.28.0 azsdk-python-azure-mgmt-network/18.0.0 Python/3.8.3 (Windows-10-10.0.18362-SP0)
    method: GET
    uri: https://management.azure.com/subscriptions/00000000-0000-0000-0000-000000000000/resourceGroups/cli_test_azure_vwan_vhub_bgpconnection000001/providers/Microsoft.Network/virtualWans/testvwan?api-version=2020-05-01
  response:
    body:
      string: "{\r\n  \"name\": \"testvwan\",\r\n  \"id\": \"/subscriptions/00000000-0000-0000-0000-000000000000/resourceGroups/cli_test_azure_vwan_vhub_bgpconnection000001/providers/Microsoft.Network/virtualWans/testvwan\",\r\n
        \ \"etag\": \"W/\\\"fde36ae0-f042-43ad-9225-2bf630076f77\\\"\",\r\n  \"type\":
        \"Microsoft.Network/virtualWans\",\r\n  \"location\": \"westus\",\r\n  \"properties\":
        {\r\n    \"provisioningState\": \"Succeeded\",\r\n    \"disableVpnEncryption\":
        false,\r\n    \"allowBranchToBranchTraffic\": true,\r\n    \"office365LocalBreakoutCategory\":
        \"None\",\r\n    \"type\": \"Standard\"\r\n  }\r\n}"
    headers:
      cache-control:
      - no-cache
      content-length:
      - '568'
      content-type:
      - application/json; charset=utf-8
      date:
      - Tue, 14 Sep 2021 07:30:19 GMT
      etag:
      - W/"fde36ae0-f042-43ad-9225-2bf630076f77"
      expires:
      - '-1'
      pragma:
      - no-cache
      server:
      - Microsoft-HTTPAPI/2.0
      - Microsoft-HTTPAPI/2.0
      strict-transport-security:
      - max-age=31536000; includeSubDomains
      transfer-encoding:
      - chunked
      vary:
      - Accept-Encoding
      x-content-type-options:
      - nosniff
      x-ms-arm-service-request-id:
      - 189ec978-e832-4526-bdac-11e4b7b52c18
    status:
      code: 200
      message: OK
- request:
    body: '{"location": "westus", "properties": {"virtualWan": {"id": "/subscriptions/00000000-0000-0000-0000-000000000000/resourceGroups/cli_test_azure_vwan_vhub_bgpconnection000001/providers/Microsoft.Network/virtualWans/testvwan"},
      "addressPrefix": "10.5.0.0/16", "sku": "Standard"}}'
    headers:
      Accept:
      - application/json
      Accept-Encoding:
      - gzip, deflate
      CommandName:
      - network vhub create
      Connection:
      - keep-alive
      Content-Length:
      - '306'
      Content-Type:
      - application/json
      ParameterSetName:
      - -g -n --vwan --address-prefix -l --sku
      User-Agent:
      - AZURECLI/2.28.0 azsdk-python-azure-mgmt-network/18.0.0 Python/3.8.3 (Windows-10-10.0.18362-SP0)
    method: PUT
    uri: https://management.azure.com/subscriptions/00000000-0000-0000-0000-000000000000/resourceGroups/cli_test_azure_vwan_vhub_bgpconnection000001/providers/Microsoft.Network/virtualHubs/myclitestvhub?api-version=2020-05-01
  response:
    body:
      string: "{\r\n  \"name\": \"myclitestvhub\",\r\n  \"id\": \"/subscriptions/00000000-0000-0000-0000-000000000000/resourceGroups/cli_test_azure_vwan_vhub_bgpconnection000001/providers/Microsoft.Network/virtualHubs/myclitestvhub\",\r\n
        \ \"etag\": \"W/\\\"7bf48954-79c9-488a-8c96-20c9304773f6\\\"\",\r\n  \"type\":
        \"Microsoft.Network/virtualHubs\",\r\n  \"location\": \"westus\",\r\n  \"properties\":
        {\r\n    \"provisioningState\": \"Updating\",\r\n    \"virtualHubRouteTableV2s\":
        [],\r\n    \"addressPrefix\": \"10.5.0.0/16\",\r\n    \"virtualRouterAsn\":
        0,\r\n    \"virtualRouterIps\": [],\r\n    \"routeTable\": {\r\n      \"routes\":
        []\r\n    },\r\n    \"virtualWan\": {\r\n      \"id\": \"/subscriptions/00000000-0000-0000-0000-000000000000/resourceGroups/cli_test_azure_vwan_vhub_bgpconnection000001/providers/Microsoft.Network/virtualWans/testvwan\"\r\n
        \   },\r\n    \"sku\": \"Standard\",\r\n    \"routingState\": \"None\"\r\n
        \ }\r\n}"
    headers:
      azure-asyncnotification:
      - Enabled
      azure-asyncoperation:
      - https://management.azure.com/subscriptions/00000000-0000-0000-0000-000000000000/providers/Microsoft.Network/locations/westus/operations/55d4d8cd-0e86-49b7-a89c-3c15e2711d9c?api-version=2020-05-01
      cache-control:
      - no-cache
      content-length:
      - '896'
      content-type:
      - application/json; charset=utf-8
      date:
      - Tue, 14 Sep 2021 07:30:27 GMT
      expires:
      - '-1'
      pragma:
      - no-cache
      server:
      - Microsoft-HTTPAPI/2.0
      - Microsoft-HTTPAPI/2.0
      strict-transport-security:
      - max-age=31536000; includeSubDomains
      x-content-type-options:
      - nosniff
      x-ms-arm-service-request-id:
      - 373a2dbd-2481-43a0-8480-ea711e5d9792
      x-ms-ratelimit-remaining-subscription-writes:
      - '1199'
    status:
      code: 201
      message: Created
- request:
    body: null
    headers:
      Accept:
      - '*/*'
      Accept-Encoding:
      - gzip, deflate
      CommandName:
      - network vhub create
      Connection:
      - keep-alive
      ParameterSetName:
      - -g -n --vwan --address-prefix -l --sku
      User-Agent:
      - AZURECLI/2.28.0 azsdk-python-azure-mgmt-network/18.0.0 Python/3.8.3 (Windows-10-10.0.18362-SP0)
    method: GET
    uri: https://management.azure.com/subscriptions/00000000-0000-0000-0000-000000000000/providers/Microsoft.Network/locations/westus/operations/55d4d8cd-0e86-49b7-a89c-3c15e2711d9c?api-version=2020-05-01
  response:
    body:
      string: "{\r\n  \"status\": \"InProgress\"\r\n}"
    headers:
      cache-control:
      - no-cache
      content-length:
      - '30'
      content-type:
      - application/json; charset=utf-8
      date:
      - Tue, 14 Sep 2021 07:30:38 GMT
      expires:
      - '-1'
      pragma:
      - no-cache
      server:
      - Microsoft-HTTPAPI/2.0
      - Microsoft-HTTPAPI/2.0
      strict-transport-security:
      - max-age=31536000; includeSubDomains
      transfer-encoding:
      - chunked
      vary:
      - Accept-Encoding
      x-content-type-options:
      - nosniff
      x-ms-arm-service-request-id:
      - 360b009a-5b11-4da6-a09f-9a62509be561
    status:
      code: 200
      message: OK
- request:
    body: null
    headers:
      Accept:
      - '*/*'
      Accept-Encoding:
      - gzip, deflate
      CommandName:
      - network vhub create
      Connection:
      - keep-alive
      ParameterSetName:
      - -g -n --vwan --address-prefix -l --sku
      User-Agent:
      - AZURECLI/2.28.0 azsdk-python-azure-mgmt-network/18.0.0 Python/3.8.3 (Windows-10-10.0.18362-SP0)
    method: GET
    uri: https://management.azure.com/subscriptions/00000000-0000-0000-0000-000000000000/providers/Microsoft.Network/locations/westus/operations/55d4d8cd-0e86-49b7-a89c-3c15e2711d9c?api-version=2020-05-01
  response:
    body:
      string: "{\r\n  \"status\": \"InProgress\"\r\n}"
    headers:
      cache-control:
      - no-cache
      content-length:
      - '30'
      content-type:
      - application/json; charset=utf-8
      date:
      - Tue, 14 Sep 2021 07:30:48 GMT
      expires:
      - '-1'
      pragma:
      - no-cache
      server:
      - Microsoft-HTTPAPI/2.0
      - Microsoft-HTTPAPI/2.0
      strict-transport-security:
      - max-age=31536000; includeSubDomains
      transfer-encoding:
      - chunked
      vary:
      - Accept-Encoding
      x-content-type-options:
      - nosniff
      x-ms-arm-service-request-id:
      - 115a8926-6771-4978-876a-61560a60a2c8
    status:
      code: 200
      message: OK
- request:
    body: null
    headers:
      Accept:
      - '*/*'
      Accept-Encoding:
      - gzip, deflate
      CommandName:
      - network vhub create
      Connection:
      - keep-alive
      ParameterSetName:
      - -g -n --vwan --address-prefix -l --sku
      User-Agent:
      - AZURECLI/2.28.0 azsdk-python-azure-mgmt-network/18.0.0 Python/3.8.3 (Windows-10-10.0.18362-SP0)
    method: GET
    uri: https://management.azure.com/subscriptions/00000000-0000-0000-0000-000000000000/providers/Microsoft.Network/locations/westus/operations/55d4d8cd-0e86-49b7-a89c-3c15e2711d9c?api-version=2020-05-01
  response:
    body:
      string: "{\r\n  \"status\": \"InProgress\"\r\n}"
    headers:
      cache-control:
      - no-cache
      content-length:
      - '30'
      content-type:
      - application/json; charset=utf-8
      date:
      - Tue, 14 Sep 2021 07:31:08 GMT
      expires:
      - '-1'
      pragma:
      - no-cache
      server:
      - Microsoft-HTTPAPI/2.0
      - Microsoft-HTTPAPI/2.0
      strict-transport-security:
      - max-age=31536000; includeSubDomains
      transfer-encoding:
      - chunked
      vary:
      - Accept-Encoding
      x-content-type-options:
      - nosniff
      x-ms-arm-service-request-id:
      - 17b0f4f8-bc46-450f-bed3-bbc0c3b3bfb2
    status:
      code: 200
      message: OK
- request:
    body: null
    headers:
      Accept:
      - '*/*'
      Accept-Encoding:
      - gzip, deflate
      CommandName:
      - network vhub create
      Connection:
      - keep-alive
      ParameterSetName:
      - -g -n --vwan --address-prefix -l --sku
      User-Agent:
      - AZURECLI/2.28.0 azsdk-python-azure-mgmt-network/18.0.0 Python/3.8.3 (Windows-10-10.0.18362-SP0)
    method: GET
    uri: https://management.azure.com/subscriptions/00000000-0000-0000-0000-000000000000/providers/Microsoft.Network/locations/westus/operations/55d4d8cd-0e86-49b7-a89c-3c15e2711d9c?api-version=2020-05-01
  response:
    body:
      string: "{\r\n  \"status\": \"InProgress\"\r\n}"
    headers:
      cache-control:
      - no-cache
      content-length:
      - '30'
      content-type:
      - application/json; charset=utf-8
      date:
      - Tue, 14 Sep 2021 07:31:28 GMT
      expires:
      - '-1'
      pragma:
      - no-cache
      server:
      - Microsoft-HTTPAPI/2.0
      - Microsoft-HTTPAPI/2.0
      strict-transport-security:
      - max-age=31536000; includeSubDomains
      transfer-encoding:
      - chunked
      vary:
      - Accept-Encoding
      x-content-type-options:
      - nosniff
      x-ms-arm-service-request-id:
      - 528de67f-a525-4a04-a323-543b20df0617
    status:
      code: 200
      message: OK
- request:
    body: null
    headers:
      Accept:
      - '*/*'
      Accept-Encoding:
      - gzip, deflate
      CommandName:
      - network vhub create
      Connection:
      - keep-alive
      ParameterSetName:
      - -g -n --vwan --address-prefix -l --sku
      User-Agent:
      - AZURECLI/2.28.0 azsdk-python-azure-mgmt-network/18.0.0 Python/3.8.3 (Windows-10-10.0.18362-SP0)
    method: GET
    uri: https://management.azure.com/subscriptions/00000000-0000-0000-0000-000000000000/providers/Microsoft.Network/locations/westus/operations/55d4d8cd-0e86-49b7-a89c-3c15e2711d9c?api-version=2020-05-01
  response:
    body:
      string: "{\r\n  \"status\": \"InProgress\"\r\n}"
    headers:
      cache-control:
      - no-cache
      content-length:
      - '30'
      content-type:
      - application/json; charset=utf-8
      date:
      - Tue, 14 Sep 2021 07:32:09 GMT
      expires:
      - '-1'
      pragma:
      - no-cache
      server:
      - Microsoft-HTTPAPI/2.0
      - Microsoft-HTTPAPI/2.0
      strict-transport-security:
      - max-age=31536000; includeSubDomains
      transfer-encoding:
      - chunked
      vary:
      - Accept-Encoding
      x-content-type-options:
      - nosniff
      x-ms-arm-service-request-id:
      - 9d9a815d-db11-48fa-b4ad-38a5b5a98416
    status:
      code: 200
      message: OK
- request:
    body: null
    headers:
      Accept:
      - '*/*'
      Accept-Encoding:
      - gzip, deflate
      CommandName:
      - network vhub create
      Connection:
      - keep-alive
      ParameterSetName:
      - -g -n --vwan --address-prefix -l --sku
      User-Agent:
      - AZURECLI/2.28.0 azsdk-python-azure-mgmt-network/18.0.0 Python/3.8.3 (Windows-10-10.0.18362-SP0)
    method: GET
    uri: https://management.azure.com/subscriptions/00000000-0000-0000-0000-000000000000/providers/Microsoft.Network/locations/westus/operations/55d4d8cd-0e86-49b7-a89c-3c15e2711d9c?api-version=2020-05-01
  response:
    body:
      string: "{\r\n  \"status\": \"InProgress\"\r\n}"
    headers:
      cache-control:
      - no-cache
      content-length:
      - '30'
      content-type:
      - application/json; charset=utf-8
      date:
      - Tue, 14 Sep 2021 07:32:50 GMT
      expires:
      - '-1'
      pragma:
      - no-cache
      server:
      - Microsoft-HTTPAPI/2.0
      - Microsoft-HTTPAPI/2.0
      strict-transport-security:
      - max-age=31536000; includeSubDomains
      transfer-encoding:
      - chunked
      vary:
      - Accept-Encoding
      x-content-type-options:
      - nosniff
      x-ms-arm-service-request-id:
      - b6c452dc-fdfd-43f6-9c32-6d421d4ae7aa
    status:
      code: 200
      message: OK
- request:
    body: null
    headers:
      Accept:
      - '*/*'
      Accept-Encoding:
      - gzip, deflate
      CommandName:
      - network vhub create
      Connection:
      - keep-alive
      ParameterSetName:
      - -g -n --vwan --address-prefix -l --sku
      User-Agent:
      - AZURECLI/2.28.0 azsdk-python-azure-mgmt-network/18.0.0 Python/3.8.3 (Windows-10-10.0.18362-SP0)
    method: GET
    uri: https://management.azure.com/subscriptions/00000000-0000-0000-0000-000000000000/providers/Microsoft.Network/locations/westus/operations/55d4d8cd-0e86-49b7-a89c-3c15e2711d9c?api-version=2020-05-01
  response:
    body:
      string: "{\r\n  \"status\": \"InProgress\"\r\n}"
    headers:
      cache-control:
      - no-cache
      content-length:
      - '30'
      content-type:
      - application/json; charset=utf-8
      date:
      - Tue, 14 Sep 2021 07:34:10 GMT
      expires:
      - '-1'
      pragma:
      - no-cache
      server:
      - Microsoft-HTTPAPI/2.0
      - Microsoft-HTTPAPI/2.0
      strict-transport-security:
      - max-age=31536000; includeSubDomains
      transfer-encoding:
      - chunked
      vary:
      - Accept-Encoding
      x-content-type-options:
      - nosniff
      x-ms-arm-service-request-id:
      - 4e944484-8468-43a6-9c17-8c67bfc40746
    status:
      code: 200
      message: OK
- request:
    body: null
    headers:
      Accept:
      - '*/*'
      Accept-Encoding:
      - gzip, deflate
      CommandName:
      - network vhub create
      Connection:
      - keep-alive
      ParameterSetName:
      - -g -n --vwan --address-prefix -l --sku
      User-Agent:
      - AZURECLI/2.28.0 azsdk-python-azure-mgmt-network/18.0.0 Python/3.8.3 (Windows-10-10.0.18362-SP0)
    method: GET
    uri: https://management.azure.com/subscriptions/00000000-0000-0000-0000-000000000000/providers/Microsoft.Network/locations/westus/operations/55d4d8cd-0e86-49b7-a89c-3c15e2711d9c?api-version=2020-05-01
  response:
    body:
      string: "{\r\n  \"status\": \"Succeeded\"\r\n}"
    headers:
      cache-control:
      - no-cache
      content-length:
      - '29'
      content-type:
      - application/json; charset=utf-8
      date:
      - Tue, 14 Sep 2021 07:36:51 GMT
      expires:
      - '-1'
      pragma:
      - no-cache
      server:
      - Microsoft-HTTPAPI/2.0
      - Microsoft-HTTPAPI/2.0
      strict-transport-security:
      - max-age=31536000; includeSubDomains
      transfer-encoding:
      - chunked
      vary:
      - Accept-Encoding
      x-content-type-options:
      - nosniff
      x-ms-arm-service-request-id:
      - 4b4d38cc-6695-420c-871d-cae52a1ef6a1
    status:
      code: 200
      message: OK
- request:
    body: null
    headers:
      Accept:
      - '*/*'
      Accept-Encoding:
      - gzip, deflate
      CommandName:
      - network vhub create
      Connection:
      - keep-alive
      ParameterSetName:
      - -g -n --vwan --address-prefix -l --sku
      User-Agent:
      - AZURECLI/2.28.0 azsdk-python-azure-mgmt-network/18.0.0 Python/3.8.3 (Windows-10-10.0.18362-SP0)
    method: GET
    uri: https://management.azure.com/subscriptions/00000000-0000-0000-0000-000000000000/resourceGroups/cli_test_azure_vwan_vhub_bgpconnection000001/providers/Microsoft.Network/virtualHubs/myclitestvhub?api-version=2020-05-01
  response:
    body:
      string: "{\r\n  \"name\": \"myclitestvhub\",\r\n  \"id\": \"/subscriptions/00000000-0000-0000-0000-000000000000/resourceGroups/cli_test_azure_vwan_vhub_bgpconnection000001/providers/Microsoft.Network/virtualHubs/myclitestvhub\",\r\n
        \ \"etag\": \"W/\\\"324fe0c5-dbdc-4501-ace8-e96fdd45cc7e\\\"\",\r\n  \"type\":
        \"Microsoft.Network/virtualHubs\",\r\n  \"location\": \"westus\",\r\n  \"properties\":
        {\r\n    \"provisioningState\": \"Succeeded\",\r\n    \"virtualHubRouteTableV2s\":
        [],\r\n    \"addressPrefix\": \"10.5.0.0/16\",\r\n    \"virtualRouterAsn\":
        0,\r\n    \"virtualRouterIps\": [],\r\n    \"routeTable\": {\r\n      \"routes\":
        []\r\n    },\r\n    \"virtualWan\": {\r\n      \"id\": \"/subscriptions/00000000-0000-0000-0000-000000000000/resourceGroups/cli_test_azure_vwan_vhub_bgpconnection000001/providers/Microsoft.Network/virtualWans/testvwan\"\r\n
        \   },\r\n    \"sku\": \"Standard\",\r\n    \"routingState\": \"Provisioning\"\r\n
        \ }\r\n}"
    headers:
      cache-control:
      - no-cache
      content-length:
      - '905'
      content-type:
      - application/json; charset=utf-8
      date:
      - Tue, 14 Sep 2021 07:36:52 GMT
      expires:
      - '-1'
      pragma:
      - no-cache
      server:
      - Microsoft-HTTPAPI/2.0
      - Microsoft-HTTPAPI/2.0
      strict-transport-security:
      - max-age=31536000; includeSubDomains
      transfer-encoding:
      - chunked
      vary:
      - Accept-Encoding
      x-content-type-options:
      - nosniff
      x-ms-arm-service-request-id:
      - f45924a0-c235-46f4-8922-1a8d6c5959fe
    status:
      code: 200
      message: OK
- request:
    body: '{"name": "clitestvhubconnection2", "properties": {"remoteVirtualNetwork":
      {"id": "/subscriptions/00000000-0000-0000-0000-000000000000/resourceGroups/cli_test_azure_vwan_vhub_bgpconnection000001/providers/Microsoft.Network/virtualNetworks/clitestvnet2"},
      "enableInternetSecurity": true, "routingConfiguration": {"propagatedRouteTables":
      {}}}}'
    headers:
      Accept:
      - application/json
      Accept-Encoding:
      - gzip, deflate
      CommandName:
      - network vhub connection create
      Connection:
      - keep-alive
      Content-Length:
      - '372'
      Content-Type:
      - application/json
      ParameterSetName:
      - -g --vhub-name --name --remote-vnet
      User-Agent:
      - AZURECLI/2.28.0 azsdk-python-azure-mgmt-network/18.0.0 Python/3.8.3 (Windows-10-10.0.18362-SP0)
    method: PUT
    uri: https://management.azure.com/subscriptions/00000000-0000-0000-0000-000000000000/resourceGroups/cli_test_azure_vwan_vhub_bgpconnection000001/providers/Microsoft.Network/virtualHubs/myclitestvhub/hubVirtualNetworkConnections/clitestvhubconnection2?api-version=2020-05-01
  response:
    body:
      string: "{\r\n  \"name\": \"clitestvhubconnection2\",\r\n  \"id\": \"/subscriptions/00000000-0000-0000-0000-000000000000/resourceGroups/cli_test_azure_vwan_vhub_bgpconnection000001/providers/Microsoft.Network/virtualHubs/myclitestvhub/hubVirtualNetworkConnections/clitestvhubconnection2\",\r\n
        \ \"etag\": \"W/\\\"28077f7f-9828-4a77-af1a-704641dc61ee\\\"\",\r\n  \"type\":
        \"Microsoft.Network/virtualHubs/hubVirtualNetworkConnections\",\r\n  \"properties\":
        {\r\n    \"provisioningState\": \"Updating\",\r\n    \"resourceGuid\": \"f6effc17-fd67-48a1-b06a-c2a2c647bce5\",\r\n
        \   \"routingConfiguration\": {\r\n      \"associatedRouteTable\": {\r\n        \"id\":
        \"/subscriptions/00000000-0000-0000-0000-000000000000/resourceGroups/cli_test_azure_vwan_vhub_bgpconnection000001/providers/Microsoft.Network/virtualHubs/myclitestvhub/hubRouteTables/defaultRouteTable\"\r\n
        \     },\r\n      \"propagatedRouteTables\": {\r\n        \"labels\": [\r\n
        \         \"default\"\r\n        ],\r\n        \"ids\": [\r\n          {\r\n
        \           \"id\": \"/subscriptions/00000000-0000-0000-0000-000000000000/resourceGroups/cli_test_azure_vwan_vhub_bgpconnection000001/providers/Microsoft.Network/virtualHubs/myclitestvhub/hubRouteTables/defaultRouteTable\"\r\n
        \         }\r\n        ]\r\n      },\r\n      \"vnetRoutes\": {\r\n        \"staticRoutes\":
        []\r\n      }\r\n    },\r\n    \"remoteVirtualNetwork\": {\r\n      \"id\":
        \"/subscriptions/00000000-0000-0000-0000-000000000000/resourceGroups/cli_test_azure_vwan_vhub_bgpconnection000001/providers/Microsoft.Network/virtualNetworks/clitestvnet2\"\r\n
        \   },\r\n    \"allowHubToRemoteVnetTransit\": true,\r\n    \"allowRemoteVnetToUseHubVnetGateways\":
        false,\r\n    \"enableInternetSecurity\": true\r\n  }\r\n}"
    headers:
      azure-asyncoperation:
      - https://management.azure.com/subscriptions/00000000-0000-0000-0000-000000000000/providers/Microsoft.Network/locations/westus/operations/7e7180eb-020d-4def-b019-0d8b13b9008e?api-version=2020-05-01
      cache-control:
      - no-cache
      content-length:
      - '1731'
      content-type:
      - application/json; charset=utf-8
      date:
      - Tue, 14 Sep 2021 07:36:54 GMT
      expires:
      - '-1'
      pragma:
      - no-cache
      server:
      - Microsoft-HTTPAPI/2.0
      - Microsoft-HTTPAPI/2.0
      strict-transport-security:
      - max-age=31536000; includeSubDomains
      x-content-type-options:
      - nosniff
      x-ms-arm-service-request-id:
      - 6bd9e0c0-788b-45f2-b113-175c0a1cf0d1
      x-ms-ratelimit-remaining-subscription-writes:
      - '1199'
    status:
      code: 201
      message: Created
- request:
    body: null
    headers:
      Accept:
      - '*/*'
      Accept-Encoding:
      - gzip, deflate
      CommandName:
      - network vhub connection create
      Connection:
      - keep-alive
      ParameterSetName:
      - -g --vhub-name --name --remote-vnet
      User-Agent:
      - AZURECLI/2.28.0 azsdk-python-azure-mgmt-network/18.0.0 Python/3.8.3 (Windows-10-10.0.18362-SP0)
    method: GET
    uri: https://management.azure.com/subscriptions/00000000-0000-0000-0000-000000000000/providers/Microsoft.Network/locations/westus/operations/7e7180eb-020d-4def-b019-0d8b13b9008e?api-version=2020-05-01
  response:
    body:
      string: "{\r\n  \"status\": \"InProgress\"\r\n}"
    headers:
      cache-control:
      - no-cache
      content-length:
      - '30'
      content-type:
      - application/json; charset=utf-8
      date:
      - Tue, 14 Sep 2021 07:37:04 GMT
      expires:
      - '-1'
      pragma:
      - no-cache
      server:
      - Microsoft-HTTPAPI/2.0
      - Microsoft-HTTPAPI/2.0
      strict-transport-security:
      - max-age=31536000; includeSubDomains
      transfer-encoding:
      - chunked
      vary:
      - Accept-Encoding
      x-content-type-options:
      - nosniff
      x-ms-arm-service-request-id:
      - c84a1ac9-23ef-4922-88d4-9f55d41cb8da
    status:
      code: 200
      message: OK
- request:
    body: null
    headers:
      Accept:
      - '*/*'
      Accept-Encoding:
      - gzip, deflate
      CommandName:
      - network vhub connection create
      Connection:
      - keep-alive
      ParameterSetName:
      - -g --vhub-name --name --remote-vnet
      User-Agent:
      - AZURECLI/2.28.0 azsdk-python-azure-mgmt-network/18.0.0 Python/3.8.3 (Windows-10-10.0.18362-SP0)
    method: GET
    uri: https://management.azure.com/subscriptions/00000000-0000-0000-0000-000000000000/providers/Microsoft.Network/locations/westus/operations/7e7180eb-020d-4def-b019-0d8b13b9008e?api-version=2020-05-01
  response:
    body:
      string: "{\r\n  \"status\": \"InProgress\"\r\n}"
    headers:
      cache-control:
      - no-cache
      content-length:
      - '30'
      content-type:
      - application/json; charset=utf-8
      date:
      - Tue, 14 Sep 2021 07:37:15 GMT
      expires:
      - '-1'
      pragma:
      - no-cache
      server:
      - Microsoft-HTTPAPI/2.0
      - Microsoft-HTTPAPI/2.0
      strict-transport-security:
      - max-age=31536000; includeSubDomains
      transfer-encoding:
      - chunked
      vary:
      - Accept-Encoding
      x-content-type-options:
      - nosniff
      x-ms-arm-service-request-id:
      - 16c74924-b13a-46be-a926-19ead99c110b
    status:
      code: 200
      message: OK
- request:
    body: null
    headers:
      Accept:
      - '*/*'
      Accept-Encoding:
      - gzip, deflate
      CommandName:
      - network vhub connection create
      Connection:
      - keep-alive
      ParameterSetName:
      - -g --vhub-name --name --remote-vnet
      User-Agent:
      - AZURECLI/2.28.0 azsdk-python-azure-mgmt-network/18.0.0 Python/3.8.3 (Windows-10-10.0.18362-SP0)
    method: GET
    uri: https://management.azure.com/subscriptions/00000000-0000-0000-0000-000000000000/providers/Microsoft.Network/locations/westus/operations/7e7180eb-020d-4def-b019-0d8b13b9008e?api-version=2020-05-01
  response:
    body:
      string: "{\r\n  \"status\": \"Succeeded\"\r\n}"
    headers:
      cache-control:
      - no-cache
      content-length:
      - '29'
      content-type:
      - application/json; charset=utf-8
      date:
      - Tue, 14 Sep 2021 07:37:36 GMT
      expires:
      - '-1'
      pragma:
      - no-cache
      server:
      - Microsoft-HTTPAPI/2.0
      - Microsoft-HTTPAPI/2.0
      strict-transport-security:
      - max-age=31536000; includeSubDomains
      transfer-encoding:
      - chunked
      vary:
      - Accept-Encoding
      x-content-type-options:
      - nosniff
      x-ms-arm-service-request-id:
      - 25795b07-1823-4a57-83dc-1fa9845c00d7
    status:
      code: 200
      message: OK
- request:
    body: null
    headers:
      Accept:
      - '*/*'
      Accept-Encoding:
      - gzip, deflate
      CommandName:
      - network vhub connection create
      Connection:
      - keep-alive
      ParameterSetName:
      - -g --vhub-name --name --remote-vnet
      User-Agent:
      - AZURECLI/2.28.0 azsdk-python-azure-mgmt-network/18.0.0 Python/3.8.3 (Windows-10-10.0.18362-SP0)
    method: GET
    uri: https://management.azure.com/subscriptions/00000000-0000-0000-0000-000000000000/resourceGroups/cli_test_azure_vwan_vhub_bgpconnection000001/providers/Microsoft.Network/virtualHubs/myclitestvhub/hubVirtualNetworkConnections/clitestvhubconnection2?api-version=2020-05-01
  response:
    body:
      string: "{\r\n  \"name\": \"clitestvhubconnection2\",\r\n  \"id\": \"/subscriptions/00000000-0000-0000-0000-000000000000/resourceGroups/cli_test_azure_vwan_vhub_bgpconnection000001/providers/Microsoft.Network/virtualHubs/myclitestvhub/hubVirtualNetworkConnections/clitestvhubconnection2\",\r\n
        \ \"etag\": \"W/\\\"4f02b927-b11b-450e-a187-e4752011ce6c\\\"\",\r\n  \"type\":
        \"Microsoft.Network/virtualHubs/hubVirtualNetworkConnections\",\r\n  \"properties\":
        {\r\n    \"provisioningState\": \"Succeeded\",\r\n    \"resourceGuid\": \"f6effc17-fd67-48a1-b06a-c2a2c647bce5\",\r\n
        \   \"routingConfiguration\": {\r\n      \"associatedRouteTable\": {\r\n        \"id\":
        \"/subscriptions/00000000-0000-0000-0000-000000000000/resourceGroups/cli_test_azure_vwan_vhub_bgpconnection000001/providers/Microsoft.Network/virtualHubs/myclitestvhub/hubRouteTables/defaultRouteTable\"\r\n
        \     },\r\n      \"propagatedRouteTables\": {\r\n        \"labels\": [\r\n
        \         \"default\"\r\n        ],\r\n        \"ids\": [\r\n          {\r\n
        \           \"id\": \"/subscriptions/00000000-0000-0000-0000-000000000000/resourceGroups/cli_test_azure_vwan_vhub_bgpconnection000001/providers/Microsoft.Network/virtualHubs/myclitestvhub/hubRouteTables/defaultRouteTable\"\r\n
        \         }\r\n        ]\r\n      },\r\n      \"vnetRoutes\": {\r\n        \"staticRoutes\":
        []\r\n      }\r\n    },\r\n    \"remoteVirtualNetwork\": {\r\n      \"id\":
        \"/subscriptions/00000000-0000-0000-0000-000000000000/resourceGroups/cli_test_azure_vwan_vhub_bgpconnection000001/providers/Microsoft.Network/virtualNetworks/clitestvnet2\"\r\n
        \   },\r\n    \"allowHubToRemoteVnetTransit\": true,\r\n    \"allowRemoteVnetToUseHubVnetGateways\":
        false,\r\n    \"enableInternetSecurity\": true\r\n  }\r\n}"
    headers:
      cache-control:
      - no-cache
      content-length:
      - '1732'
      content-type:
      - application/json; charset=utf-8
      date:
      - Tue, 14 Sep 2021 07:37:36 GMT
      etag:
      - W/"4f02b927-b11b-450e-a187-e4752011ce6c"
      expires:
      - '-1'
      pragma:
      - no-cache
      server:
      - Microsoft-HTTPAPI/2.0
      - Microsoft-HTTPAPI/2.0
      strict-transport-security:
      - max-age=31536000; includeSubDomains
      transfer-encoding:
      - chunked
      vary:
      - Accept-Encoding
      x-content-type-options:
      - nosniff
      x-ms-arm-service-request-id:
      - b5ed1a8d-9cf8-4162-a005-65f2cd40f199
    status:
      code: 200
      message: OK
- request:
    body: '{"name": "myconnection", "properties": {"peerAsn": 20000, "peerIp": "10.5.0.3"}}'
    headers:
      Accept:
      - application/json
      Accept-Encoding:
      - gzip, deflate
      CommandName:
      - network vhub bgpconnection create
      Connection:
      - keep-alive
      Content-Length:
      - '80'
      Content-Type:
      - application/json
      ParameterSetName:
      - -n -g --vhub-name --peer-asn --peer-ip
      User-Agent:
      - AZURECLI/2.28.0 azsdk-python-azure-mgmt-network/19.0.0 Python/3.8.3 (Windows-10-10.0.18362-SP0)
    method: PUT
    uri: https://management.azure.com/subscriptions/00000000-0000-0000-0000-000000000000/resourceGroups/cli_test_azure_vwan_vhub_bgpconnection000001/providers/Microsoft.Network/virtualHubs/myclitestvhub/bgpConnections/myconnection?api-version=2021-02-01
  response:
    body:
      string: "{\r\n  \"error\": {\r\n    \"code\": \"HubBgpConnectionMustReferenceFullyProvisionedHubVirtualNetworkConnection\",\r\n
        \   \"message\": \"HubBgpConnection /subscriptions/00000000-0000-0000-0000-000000000000/resourceGroups/cli_test_azure_vwan_vhub_bgpconnection000001/providers/Microsoft.Network/virtualHubs/myclitestvhub/bgpConnections/myconnection
        must reference existing provisioned HubVirtualNetworkConnection.\",\r\n    \"details\":
        []\r\n  }\r\n}"
    headers:
      cache-control:
      - no-cache
      content-length:
      - '457'
      content-type:
      - application/json; charset=utf-8
      date:
      - Tue, 14 Sep 2021 07:37:38 GMT
      expires:
      - '-1'
      pragma:
      - no-cache
      server:
      - Microsoft-HTTPAPI/2.0
      - Microsoft-HTTPAPI/2.0
      strict-transport-security:
      - max-age=31536000; includeSubDomains
      x-content-type-options:
      - nosniff
      x-ms-arm-service-request-id:
      - bcb861e9-195e-4a84-aab0-4ba78c52148d
      x-ms-ratelimit-remaining-subscription-writes:
      - '1198'
    status:
      code: 400
      message: Bad Request
version: 1
